
> the-equestrian@0.1.0 build
> npm run redirects:generate && next build


> the-equestrian@0.1.0 redirects:generate
> tsx scripts/generate-redirects.ts

Generating redirect maps...
Warning: Redirect file blogs.csv not found.
Warning: Redirect file pages.csv not found.
Redirect maps written to /Users/jonosmmachine/Documents/Cursor/theequestrian/lib/redirects/maps.ts
   ▲ Next.js 16.0.7 (Turbopack)
   - Environments: .env.local

 ⚠ The "middleware" file convention is deprecated. Please use "proxy" instead. Learn more: https://nextjs.org/docs/messages/middleware-to-proxy
   Creating an optimized production build ...
 ✓ Compiled successfully in 3.7s
   Running TypeScript ...
Failed to compile.

./scripts/enhance-bullet-points.ts:152:45
Type error: This regular expression flag is only available when targeting 'es2018' or later.

[0m [90m 150 |[39m   [36mconst[39m newUl [33m=[39m [32m`<ul>\n${newBullets}\n</ul>`[39m[33m;[39m
 [90m 151 |[39m   
[31m[1m>[22m[39m[90m 152 |[39m   [36mreturn[39m description[33m.[39mreplace([35m/<ul>.*?<\/ul>/s[39m[33m,[39m newUl)[33m;[39m
 [90m     |[39m                                             [31m[1m^[22m[39m
 [90m 153 |[39m }
 [90m 154 |[39m
 [90m 155 |[39m [36mfunction[39m main() {[0m
Next.js build worker exited with code: 1 and signal: null
